[0;34m
███╗   ██╗███████╗██╗   ██╗██████╗  ██████╗  ██████╗ ███████╗
████╗  ██║██╔════╝██║   ██║██╔══██╗██╔═══██╗██╔═══██╗██╔════╝
██╔██╗ ██║█████╗  ██║   ██║██████╔╝██║   ██║██║   ██║███████╗
██║╚██╗██║██╔══╝  ██║   ██║██╔══██╗██║   ██║██║   ██║╚════██║
██║ ╚████║███████╗╚██████╔╝██║  ██║╚██████╔╝╚██████╔╝███████║
╚═╝  ╚═══╝╚══════╝ ╚═════╝ ╚═╝  ╚═╝ ╚═════╝  ╚═════╝ ╚══════╝
[0m
[0;32mBuilding NeuroOS - AI-Powered Operating System[0m

[0;34mChecking for required tools...[0m
[0;32mAll required tools are installed.[0m

[0;34mCreating build directories...[0m
[0;32mBuild directories created.[0m

[0;34mCompiling bootloader...[0m
[0;32mBootloader compiled.[0m

[0;34mCreating stub implementations...[0m
Compiling stubs.c...
[0;34mCompiling kernel...[0m
Compiling kernel/kernel.c...
Compiling kernel/network.c...
Compiling kernel/sandbox.c...
Compiling kernel/neural_network.c...
Compiling kernel/interrupts.c...
Compiling kernel/libc.c...
Compiling kernel/process.c...
Compiling kernel/backup.c...
Compiling kernel/console.c...
Compiling kernel/nlp.c...
Compiling kernel/ai_interface.c...
Compiling kernel/memory.c...
kernel/memory.c: In function ‘init_kernel_heap’:
kernel/memory.c:185:25: warning: cast to pointer from integer of different size [-Wint-to-pointer-cast]
  185 |     kernel_heap_start = (void*)heap_start;
      |                         ^
kernel/memory.c:186:23: warning: cast to pointer from integer of different size [-Wint-to-pointer-cast]
  186 |     kernel_heap_end = (void*)(heap_start + heap_size);
      |                       ^
kernel/memory.c: In function ‘allocate_physical_page’:
kernel/memory.c:202:26: warning: cast to pointer from integer of different size [-Wint-to-pointer-cast]
  202 |             void* page = (void*)memory_map_entries_array[i].base_addr;
      |                          ^
kernel/memory.c: In function ‘map_page’:
kernel/memory.c:239:16: warning: cast to pointer from integer of different size [-Wint-to-pointer-cast]
  239 |         pdpt = (pt_t)(*pml4e & ~0xFFF);
      |                ^
kernel/memory.c:248:18: warning: cast from pointer to integer of different size [-Wpointer-to-int-cast]
  248 |         *pml4e = (pte_t)pdpt | PTE_PRESENT | PTE_WRITABLE | PTE_USER;
      |                  ^
kernel/memory.c:257:14: warning: cast to pointer from integer of different size [-Wint-to-pointer-cast]
  257 |         pd = (pt_t)(*pdpte & ~0xFFF);
      |              ^
kernel/memory.c:266:18: warning: cast from pointer to integer of different size [-Wpointer-to-int-cast]
  266 |         *pdpte = (pte_t)pd | PTE_PRESENT | PTE_WRITABLE | PTE_USER;
      |                  ^
kernel/memory.c:275:14: warning: cast to pointer from integer of different size [-Wint-to-pointer-cast]
  275 |         pt = (pt_t)(*pde & ~0xFFF);
      |              ^
kernel/memory.c:284:16: warning: cast from pointer to integer of different size [-Wpointer-to-int-cast]
  284 |         *pde = (pte_t)pt | PTE_PRESENT | PTE_WRITABLE | PTE_USER;
      |                ^
kernel/memory.c: In function ‘unmap_page’:
kernel/memory.c:315:17: warning: cast to pointer from integer of different size [-Wint-to-pointer-cast]
  315 |     pt_t pdpt = (pt_t)(*pml4e & ~0xFFF);
      |                 ^
kernel/memory.c:324:15: warning: cast to pointer from integer of different size [-Wint-to-pointer-cast]
  324 |     pt_t pd = (pt_t)(*pdpte & ~0xFFF);
      |               ^
kernel/memory.c:333:15: warning: cast to pointer from integer of different size [-Wint-to-pointer-cast]
  333 |     pt_t pt = (pt_t)(*pde & ~0xFFF);
      |               ^
kernel/memory.c: In function ‘memory_alloc_aligned’:
kernel/memory.c:434:35: warning: cast from pointer to integer of different size [-Wpointer-to-int-cast]
  434 |     void* aligned_addr = (void*)(((uint64_t)addr + alignment - 1) & ~(alignment - 1));
      |                                   ^
kernel/memory.c:434:26: warning: cast to pointer from integer of different size [-Wint-to-pointer-cast]
  434 |     void* aligned_addr = (void*)(((uint64_t)addr + alignment - 1) & ~(alignment - 1));
      |                          ^
kernel/memory.c: In function ‘memory_free’:
kernel/memory.c:545:39: warning: cast from pointer to integer of different size [-Wpointer-to-int-cast]
  545 |             for (uint64_t virt_addr = (uint64_t)ptr; virt_addr < (uint64_t)ptr + (size == 0 ? curr->size : size); virt_addr += PAGE_SIZE) {
      |                                       ^
kernel/memory.c:545:66: warning: cast from pointer to integer of different size [-Wpointer-to-int-cast]
  545 |             for (uint64_t virt_addr = (uint64_t)ptr; virt_addr < (uint64_t)ptr + (size == 0 ? curr->size : size); virt_addr += PAGE_SIZE) {
      |                                                                  ^
kernel/memory.c: In function ‘memory_resize’:
kernel/memory.c:586:43: warning: cast from pointer to integer of different size [-Wpointer-to-int-cast]
  586 |                 for (uint64_t virt_addr = (uint64_t)addr + new_size; virt_addr < (uint64_t)addr + old_size; virt_addr += PAGE_SIZE) {
      |                                           ^
kernel/memory.c:586:82: warning: cast from pointer to integer of different size [-Wpointer-to-int-cast]
  586 |                 for (uint64_t virt_addr = (uint64_t)addr + new_size; virt_addr < (uint64_t)addr + old_size; virt_addr += PAGE_SIZE) {
      |                                                                                  ^
kernel/memory.c: In function ‘memory_set_protection’:
kernel/memory.c:673:31: warning: cast from pointer to integer of different size [-Wpointer-to-int-cast]
  673 |     for (uint64_t virt_addr = (uint64_t)addr; virt_addr < (uint64_t)addr + size; virt_addr += PAGE_SIZE) {
      |                               ^
kernel/memory.c:673:59: warning: cast from pointer to integer of different size [-Wpointer-to-int-cast]
  673 |     for (uint64_t virt_addr = (uint64_t)addr; virt_addr < (uint64_t)addr + size; virt_addr += PAGE_SIZE) {
      |                                                           ^
kernel/memory.c:689:21: warning: cast to pointer from integer of different size [-Wint-to-pointer-cast]
  689 |         pt_t pdpt = (pt_t)(*pml4e & ~0xFFF);
      |                     ^
kernel/memory.c:698:19: warning: cast to pointer from integer of different size [-Wint-to-pointer-cast]
  698 |         pt_t pd = (pt_t)(*pdpte & ~0xFFF);
      |                   ^
kernel/memory.c:707:19: warning: cast to pointer from integer of different size [-Wint-to-pointer-cast]
  707 |         pt_t pt = (pt_t)(*pde & ~0xFFF);
      |                   ^
kernel/memory.c: In function ‘memory_get_protection’:
kernel/memory.c:754:26: warning: cast from pointer to integer of different size [-Wpointer-to-int-cast]
  754 |     uint64_t virt_addr = (uint64_t)addr;
      |                          ^
kernel/memory.c:769:17: warning: cast to pointer from integer of different size [-Wint-to-pointer-cast]
  769 |     pt_t pdpt = (pt_t)(*pml4e & ~0xFFF);
      |                 ^
kernel/memory.c:778:15: warning: cast to pointer from integer of different size [-Wint-to-pointer-cast]
  778 |     pt_t pd = (pt_t)(*pdpte & ~0xFFF);
      |               ^
kernel/memory.c:787:15: warning: cast to pointer from integer of different size [-Wint-to-pointer-cast]
  787 |     pt_t pt = (pt_t)(*pde & ~0xFFF);
      |               ^
kernel/memory.c: In function ‘memory_virtual_to_physical’:
kernel/memory.c:895:26: warning: cast from pointer to integer of different size [-Wpointer-to-int-cast]
  895 |     uint64_t virt_addr = (uint64_t)virtual_addr;
      |                          ^
kernel/memory.c:911:17: warning: cast to pointer from integer of different size [-Wint-to-pointer-cast]
  911 |     pt_t pdpt = (pt_t)(*pml4e & ~0xFFF);
      |                 ^
kernel/memory.c:925:15: warning: cast to pointer from integer of different size [-Wint-to-pointer-cast]
  925 |     pt_t pd = (pt_t)(*pdpte & ~0xFFF);
      |               ^
kernel/memory.c:939:15: warning: cast to pointer from integer of different size [-Wint-to-pointer-cast]
  939 |     pt_t pt = (pt_t)(*pde & ~0xFFF);
      |               ^
kernel/memory.c: In function ‘unmap_page’:
kernel/memory.c:348:1: warning: unsupported size for integer register
  348 | }
      | ^
kernel/memory.c: In function ‘memory_set_protection’:
kernel/memory.c:738:1: warning: unsupported size for integer register
  738 | }
      | ^
Compiling kernel/interrupt_asm.asm...
[0;32mKernel compiled.[0m

[0;34mCompiling modules...[0m
Compiling modules/nlp/tokenizer.c...
Compiling modules/model_loader/model_loader.c...
modules/model_loader/model_loader.c:75:12: warning: ‘model_loader_model_exists’ defined but not used [-Wunused-function]
   75 | static int model_loader_model_exists(model_id_t id) {
      |            ^~~~~~~~~~~~~~~~~~~~~~~~~
Compiling modules/gui/gui.c...
modules/gui/gui.c:1412:13: warning: ‘gui_bring_window_to_front’ defined but not used [-Wunused-function]
 1412 | static void gui_bring_window_to_front(gui_window_t* window) {
      |             ^~~~~~~~~~~~~~~~~~~~~~~~~
modules/gui/gui.c:132:22: warning: ‘gui_widget_at_position’ defined but not used [-Wunused-function]
  132 | static gui_widget_t* gui_widget_at_position(gui_window_t* window, int x, int y) {
      |                      ^~~~~~~~~~~~~~~~~~~~~~
modules/gui/gui.c:125:22: warning: ‘gui_window_at_position’ defined but not used [-Wunused-function]
  125 | static gui_window_t* gui_window_at_position(int x, int y) {
      |                      ^~~~~~~~~~~~~~~~~~~~~~
modules/gui/gui.c:118:13: warning: ‘gui_handle_key_event’ defined but not used [-Wunused-function]
  118 | static void gui_handle_key_event(int key_code, int modifiers, gui_event_type_t type) {
      |             ^~~~~~~~~~~~~~~~~~~~
modules/gui/gui.c:110:13: warning: ‘gui_handle_mouse_event’ defined but not used [-Wunused-function]
  110 | static void gui_handle_mouse_event(int x, int y, int button, gui_event_type_t type) {
      |             ^~~~~~~~~~~~~~~~~~~~~~
Compiling modules/dl_framework/dl_framework.c...
modules/dl_framework/dl_framework.c: In function ‘dl_framework_deepseek_generate’:
modules/dl_framework/dl_framework.c:1479:19: warning: unused variable ‘scaled_temp’ [-Wunused-variable]
 1479 |             float scaled_temp = temperature > 0.0f ? temperature : 1.0f;
      |                   ^~~~~~~~~~~
modules/dl_framework/dl_framework.c:1373:187: warning: unused parameter ‘top_p’ [-Wunused-parameter]
 1373 | int dl_framework_deepseek_generate(dl_framework_id_t framework_id, nn_model_t* model, const char* prompt, char* output, size_t output_size, uint32_t max_tokens, float temperature, float top_p, float top_k, float repetition_penalty) {
      |                                                                                                                                                                                     ~~~~~~^~~~~
modules/dl_framework/dl_framework.c:1373:200: warning: unused parameter ‘top_k’ [-Wunused-parameter]
 1373 | int dl_framework_deepseek_generate(dl_framework_id_t framework_id, nn_model_t* model, const char* prompt, char* output, size_t output_size, uint32_t max_tokens, float temperature, float top_p, float top_k, float repetition_penalty) {
      |                                                                                                                                                                                                  ~~~~~~^~~~~
modules/dl_framework/dl_framework.c:1373:213: warning: unused parameter ‘repetition_penalty’ [-Wunused-parameter]
 1373 | int dl_framework_deepseek_generate(dl_framework_id_t framework_id, nn_model_t* model, const char* prompt, char* output, size_t output_size, uint32_t max_tokens, float temperature, float top_p, float top_k, float repetition_penalty) {
      |                                                                                                                                                                                                               ~~~~~~^~~~~~~~~~~~~~~~~~
modules/dl_framework/dl_framework.c: At top level:
modules/dl_framework/dl_framework.c:161:12: warning: ‘dl_framework_find_operation_index’ defined but not used [-Wunused-function]
  161 | static int dl_framework_find_operation_index(dl_framework_id_t framework_id, dl_op_id_t op_id) {
      |            ^~~~~~~~~~~~~~~~~~~~~~~~~~~~~~~~~
modules/dl_framework/dl_framework.c:129:12: warning: ‘dl_framework_operation_exists’ defined but not used [-Wunused-function]
  129 | static int dl_framework_operation_exists(dl_framework_id_t framework_id, dl_op_id_t op_id) {
      |            ^~~~~~~~~~~~~~~~~~~~~~~~~~~~~
modules/dl_framework/dl_framework.c:83:12: warning: ‘dl_framework_exists’ defined but not used [-Wunused-function]
   83 | static int dl_framework_exists(dl_framework_id_t id) {
      |            ^~~~~~~~~~~~~~~~~~~
Compiling modules/shell/shell.c...
modules/shell/shell.c: In function ‘shell_execute_external’:
modules/shell/shell.c:597:57: warning: unused parameter ‘argc’ [-Wunused-parameter]
  597 | static int shell_execute_external(const char* name, int argc, char** argv) {
      |                                                     ~~~~^~~~
modules/shell/shell.c: In function ‘shell_cmd_help’:
modules/shell/shell.c:689:24: warning: unused parameter ‘argc’ [-Wunused-parameter]
  689 | int shell_cmd_help(int argc, char** argv) {
      |                    ~~~~^~~~
modules/shell/shell.c:689:37: warning: unused parameter ‘argv’ [-Wunused-parameter]
  689 | int shell_cmd_help(int argc, char** argv) {
      |                              ~~~~~~~^~~~
modules/shell/shell.c: In function ‘shell_cmd_exit’:
modules/shell/shell.c:712:24: warning: unused parameter ‘argc’ [-Wunused-parameter]
  712 | int shell_cmd_exit(int argc, char** argv) {
      |                    ~~~~^~~~
modules/shell/shell.c:712:37: warning: unused parameter ‘argv’ [-Wunused-parameter]
  712 | int shell_cmd_exit(int argc, char** argv) {
      |                              ~~~~~~~^~~~
modules/shell/shell.c: In function ‘shell_cmd_pwd’:
modules/shell/shell.c:801:23: warning: unused parameter ‘argc’ [-Wunused-parameter]
  801 | int shell_cmd_pwd(int argc, char** argv) {
      |                   ~~~~^~~~
modules/shell/shell.c:801:36: warning: unused parameter ‘argv’ [-Wunused-parameter]
  801 | int shell_cmd_pwd(int argc, char** argv) {
      |                             ~~~~~~~^~~~
modules/shell/shell.c: In function ‘shell_cmd_touch’:
modules/shell/shell.c:1259:17: warning: implicit declaration of function ‘utimes’; did you mean ‘ctime’? [-Wimplicit-function-declaration]
 1259 |             if (utimes(argv[i], NULL) != 0) {
      |                 ^~~~~~
      |                 ctime
modules/shell/shell.c: In function ‘shell_cmd_grep’:
modules/shell/shell.c:1304:9: warning: variable ‘exit_code’ set but not used [-Wunused-but-set-variable]
 1304 |     int exit_code = 0;
      |         ^~~~~~~~~
modules/shell/shell.c: In function ‘shell_cmd_history’:
modules/shell/shell.c:1430:27: warning: unused parameter ‘argc’ [-Wunused-parameter]
 1430 | int shell_cmd_history(int argc, char** argv) {
      |                       ~~~~^~~~
modules/shell/shell.c:1430:40: warning: unused parameter ‘argv’ [-Wunused-parameter]
 1430 | int shell_cmd_history(int argc, char** argv) {
      |                                 ~~~~~~~^~~~
modules/shell/shell.c: In function ‘shell_cmd_clear’:
modules/shell/shell.c:1460:25: warning: unused parameter ‘argc’ [-Wunused-parameter]
 1460 | int shell_cmd_clear(int argc, char** argv) {
      |                     ~~~~^~~~
modules/shell/shell.c:1460:38: warning: unused parameter ‘argv’ [-Wunused-parameter]
 1460 | int shell_cmd_clear(int argc, char** argv) {
      |                               ~~~~~~~^~~~
modules/shell/shell.c: In function ‘shell_cmd_date’:
modules/shell/shell.c:1479:24: warning: unused parameter ‘argc’ [-Wunused-parameter]
 1479 | int shell_cmd_date(int argc, char** argv) {
      |                    ~~~~^~~~
modules/shell/shell.c:1479:37: warning: unused parameter ‘argv’ [-Wunused-parameter]
 1479 | int shell_cmd_date(int argc, char** argv) {
      |                              ~~~~~~~^~~~
modules/shell/shell.c: In function ‘shell_cmd_ps’:
modules/shell/shell.c:1541:14: warning: implicit declaration of function ‘isdigit’ [-Wimplicit-function-declaration]
 1541 |         if (!isdigit(entry->d_name[0])) {
      |              ^~~~~~~
modules/shell/shell.c:1519:22: warning: unused parameter ‘argc’ [-Wunused-parameter]
 1519 | int shell_cmd_ps(int argc, char** argv) {
      |                  ~~~~^~~~
modules/shell/shell.c:1519:35: warning: unused parameter ‘argv’ [-Wunused-parameter]
 1519 | int shell_cmd_ps(int argc, char** argv) {
      |                            ~~~~~~~^~~~
modules/shell/shell.c: At top level:
modules/shell/shell.c:510:12: warning: ‘shell_execute_builtin’ defined but not used [-Wunused-function]
  510 | static int shell_execute_builtin(const char* name, int argc, char** argv) {
      |            ^~~~~~~~~~~~~~~~~~~~~
modules/shell/shell.c: In function ‘shell_cmd_cd’:
modules/shell/shell.c:788:63: warning: ‘%s’ directive output may be truncated writing up to 255 bytes into a region of size 56 [-Wformat-truncation=]
  788 |         snprintf(shell_prompt, sizeof(shell_prompt), "NeuroOS:%s> ", cwd);
      |                                                               ^~     ~~~
In file included from /usr/include/stdio.h:980,
                 from modules/shell/shell.c:11:
In function ‘snprintf’,
    inlined from ‘shell_cmd_cd’ at modules/shell/shell.c:788:9:
/usr/include/bits/stdio2.h:54:10: note: ‘__builtin___snprintf_chk’ output between 11 and 266 bytes into a destination of size 64
   54 |   return __builtin___snprintf_chk (__s, __n, __USE_FORTIFY_LEVEL - 1,
      |          ^~~~~~~~~~~~~~~~~~~~~~~~~~~~~~~~~~~~~~~~~~~~~~~~~~~~~~~~~~~~
   55 |                                    __glibc_objsize (__s), __fmt,
      |                                    ~~~~~~~~~~~~~~~~~~~~~~~~~~~~~
   56 |                                    __va_arg_pack ());
      |                                    ~~~~~~~~~~~~~~~~~
[0;32mModules compiled.[0m

[0;34mLinking kernel...[0m
ld: warning: build/interrupt_asm.o: missing .note.GNU-stack section implies executable stack
ld: NOTE: This behaviour is deprecated and will be removed in a future version of the linker
ld: warning: build/iso/boot/neuroos.bin has a LOAD segment with RWX permissions
[0;32mKernel linked.[0m

[0;34mCreating GRUB configuration...[0m
[0;32mGRUB configuration created.[0m

[0;34mCreating ISO image...[0m
xorriso 1.5.6 : RockRidge filesystem manipulator, libburnia project.

Drive current: -outdev 'stdio:neuroos.iso'
Media current: stdio file, overwriteable
Media status : is blank
Media summary: 0 sessions, 0 data blocks, 0 data,  577g free
Added to ISO image: directory '/'='/tmp/grub.o0e0Ge'
xorriso : UPDATE :     588 files added in 1 seconds
Added to ISO image: directory '/'='/home/rahat/NeuroOS/build/iso'
xorriso : UPDATE :     592 files added in 1 seconds
xorriso : NOTE : Copying to System Area: 512 bytes from file '/usr/lib/grub/i386-pc/boot_hybrid.img'
ISO image produced: 5883 sectors
Written to medium : 5883 sectors at LBA 0
Writing to 'stdio:neuroos.iso' completed successfully.

[0;32mISO image created: neuroos.iso[0m

[0;32mBuild completed successfully![0m
[0;34mTo run NeuroOS in QEMU use: qemu-system-x86_64 -cdrom neuroos.iso[0m
